Archive member included because of file (symbol)

C:\Users\ryota\OneDrive\RT working\github\RT-USB-THP\LPCXpresso sample\workspace_exp\CMSISv1p30_LPC13xx\Debug\libCMSISv1p30_LPC13xx.a(system_LPC13xx.o)
                              ./src/PERIPHERAL/uart.o (SystemCoreClock)
c:/nxp/lpcxpresso_7.7.2_379/lpcxpresso/tools/bin/../lib/gcc/arm-none-eabi/4.9.3/../../../../arm-none-eabi/lib/armv7-m\libcr_semihost.a(_cr__main.o)
                              ./src/OTHER/cr_startup_lpc13xx.o (__main)
c:/nxp/lpcxpresso_7.7.2_379/lpcxpresso/tools/bin/../lib/gcc/arm-none-eabi/4.9.3/../../../../arm-none-eabi/lib/armv7-m\libcr_c.a(memcpy.o)
                              ./src/PERIPHERAL/debug.o (memcpy)
c:/nxp/lpcxpresso_7.7.2_379/lpcxpresso/tools/bin/../lib/gcc/arm-none-eabi/4.9.3/../../../../arm-none-eabi/lib/armv7-m\libcr_c.a(fpprintf.o)
                              ./src/PERIPHERAL/debug.o (vsprintf)
c:/nxp/lpcxpresso_7.7.2_379/lpcxpresso/tools/bin/../lib/gcc/arm-none-eabi/4.9.3/../../../../arm-none-eabi/lib/armv7-m\libcr_c.a(initio.o)
                              c:/nxp/lpcxpresso_7.7.2_379/lpcxpresso/tools/bin/../lib/gcc/arm-none-eabi/4.9.3/../../../../arm-none-eabi/lib/armv7-m\libcr_semihost.a(_cr__main.o) (_initio)
c:/nxp/lpcxpresso_7.7.2_379/lpcxpresso/tools/bin/../lib/gcc/arm-none-eabi/4.9.3/../../../../arm-none-eabi/lib/armv7-m\libcr_c.a(printf.o)
                              c:/nxp/lpcxpresso_7.7.2_379/lpcxpresso/tools/bin/../lib/gcc/arm-none-eabi/4.9.3/../../../../arm-none-eabi/lib/armv7-m\libcr_c.a(fpprintf.o) (__vfprintf)
c:/nxp/lpcxpresso_7.7.2_379/lpcxpresso/tools/bin/../lib/gcc/arm-none-eabi/4.9.3/../../../../arm-none-eabi/lib/armv7-m\libcr_c.a(setvbuf.o)
                              c:/nxp/lpcxpresso_7.7.2_379/lpcxpresso/tools/bin/../lib/gcc/arm-none-eabi/4.9.3/../../../../arm-none-eabi/lib/armv7-m\libcr_c.a(initio.o) (setvbuf)
c:/nxp/lpcxpresso_7.7.2_379/lpcxpresso/tools/bin/../lib/gcc/arm-none-eabi/4.9.3/../../../../arm-none-eabi/lib/armv7-m\libcr_c.a(stdio.o)
                              c:/nxp/lpcxpresso_7.7.2_379/lpcxpresso/tools/bin/../lib/gcc/arm-none-eabi/4.9.3/../../../../arm-none-eabi/lib/armv7-m\libcr_c.a(fpprintf.o) (__Ciob)
c:/nxp/lpcxpresso_7.7.2_379/lpcxpresso/tools/bin/../lib/gcc/arm-none-eabi/4.9.3/../../../../arm-none-eabi/lib/armv7-m\libcr_c.a(strlen.o)
                              c:/nxp/lpcxpresso_7.7.2_379/lpcxpresso/tools/bin/../lib/gcc/arm-none-eabi/4.9.3/../../../../arm-none-eabi/lib/armv7-m\libcr_c.a(printf.o) (strlen)
c:/nxp/lpcxpresso_7.7.2_379/lpcxpresso/tools/bin/../lib/gcc/arm-none-eabi/4.9.3/../../../../arm-none-eabi/lib/armv7-m\libcr_c.a(memset.o)
                              c:/nxp/lpcxpresso_7.7.2_379/lpcxpresso/tools/bin/../lib/gcc/arm-none-eabi/4.9.3/../../../../arm-none-eabi/lib/armv7-m\libcr_c.a(fpprintf.o) (memset)
c:/nxp/lpcxpresso_7.7.2_379/lpcxpresso/tools/bin/../lib/gcc/arm-none-eabi/4.9.3/../../../../arm-none-eabi/lib/armv7-m\libcr_c.a(__fillbuf.o)
                              c:/nxp/lpcxpresso_7.7.2_379/lpcxpresso/tools/bin/../lib/gcc/arm-none-eabi/4.9.3/../../../../arm-none-eabi/lib/armv7-m\libcr_c.a(stdio.o) (__filbuf)
c:/nxp/lpcxpresso_7.7.2_379/lpcxpresso/tools/bin/../lib/gcc/arm-none-eabi/4.9.3/../../../../arm-none-eabi/lib/armv7-m\libcr_c.a(_deferredlazyseek.o)
                              c:/nxp/lpcxpresso_7.7.2_379/lpcxpresso/tools/bin/../lib/gcc/arm-none-eabi/4.9.3/../../../../arm-none-eabi/lib/armv7-m\libcr_c.a(__fillbuf.o) (_deferredlazyseek)
c:/nxp/lpcxpresso_7.7.2_379/lpcxpresso/tools/bin/../lib/gcc/arm-none-eabi/4.9.3/../../../../arm-none-eabi/lib/armv7-m\libcr_c.a(_fdopen.o)
                              c:/nxp/lpcxpresso_7.7.2_379/lpcxpresso/tools/bin/../lib/gcc/arm-none-eabi/4.9.3/../../../../arm-none-eabi/lib/armv7-m\libcr_c.a(initio.o) (_fdopen)
c:/nxp/lpcxpresso_7.7.2_379/lpcxpresso/tools/bin/../lib/gcc/arm-none-eabi/4.9.3/../../../../arm-none-eabi/lib/armv7-m\libcr_c.a(_fflush.o)
                              c:/nxp/lpcxpresso_7.7.2_379/lpcxpresso/tools/bin/../lib/gcc/arm-none-eabi/4.9.3/../../../../arm-none-eabi/lib/armv7-m\libcr_c.a(__fillbuf.o) (_fflush)
c:/nxp/lpcxpresso_7.7.2_379/lpcxpresso/tools/bin/../lib/gcc/arm-none-eabi/4.9.3/../../../../arm-none-eabi/lib/armv7-m\libcr_c.a(_frexpl.o)
                              c:/nxp/lpcxpresso_7.7.2_379/lpcxpresso/tools/bin/../lib/gcc/arm-none-eabi/4.9.3/../../../../arm-none-eabi/lib/armv7-m\libcr_c.a(fpprintf.o) (_frexpl)
c:/nxp/lpcxpresso_7.7.2_379/lpcxpresso/tools/bin/../lib/gcc/arm-none-eabi/4.9.3/../../../../arm-none-eabi/lib/armv7-m\libcr_c.a(_ldexpl.o)
                              c:/nxp/lpcxpresso_7.7.2_379/lpcxpresso/tools/bin/../lib/gcc/arm-none-eabi/4.9.3/../../../../arm-none-eabi/lib/armv7-m\libcr_c.a(fpprintf.o) (_ldexpl)
c:/nxp/lpcxpresso_7.7.2_379/lpcxpresso/tools/bin/../lib/gcc/arm-none-eabi/4.9.3/../../../../arm-none-eabi/lib/armv7-m\libcr_c.a(_writebuf.o)
[...]
Memory Configuration

Name             Origin             Length             Attributes
MFlash32         0x00000000         0x00008000         xr
RamLoc8          0x10000000         0x00002000         xrw
*default*        0x00000000         0xffffffff

Linker script and memory map

LOAD ./src/USB/cdcuser.o
LOAD ./src/USB/usbcore.o
LOAD ./src/USB/usbdesc.o
LOAD ./src/USB/usbhw.o
LOAD ./src/USB/usbuser.o
LOAD ./src/PERIPHERAL/SystemTickTimer.o
LOAD ./src/PERIPHERAL/debug.o
LOAD ./src/PERIPHERAL/i2c.o
LOAD ./src/PERIPHERAL/io.o
LOAD ./src/PERIPHERAL/timer.o
LOAD ./src/PERIPHERAL/uart.o
LOAD ./src/PERIPHERAL/usbTransmission.o
LOAD ./src/OTHER/cr_startup_lpc13xx.o
LOAD ./src/OTHER/crp.o
LOAD ./src/OTHER/serial.o
LOAD ./src/MAIN/MainFunction.o
LOAD ./src/MAIN/UserInterface.o
LOAD ./src/MAIN/bme280.o
LOAD ./src/MAIN/main.o
LOAD C:\Users\ryota\OneDrive\RT working\github\RT-USB-THP\LPCXpresso sample\workspace_exp\CMSISv1p30_LPC13xx\Debug\libCMSISv1p30_LPC13xx.a
START GROUP
LOAD c:/nxp/lpcxpresso_7.7.2_379/lpcxpresso/tools/bin/../lib/gcc/arm-none-eabi/4.9.3/../../../../arm-none-eabi/lib/armv7-m\libcr_semihost.a
LOAD c:/nxp/lpcxpresso_7.7.2_379/lpcxpresso/tools/bin/../lib/gcc/arm-none-eabi/4.9.3/../../../../arm-none-eabi/lib/armv7-m\libcr_c.a
LOAD c:/nxp/lpcxpresso_7.7.2_379/lpcxpresso/tools/bin/../lib/gcc/arm-none-eabi/4.9.3/armv7-m\libcr_eabihelpers.a
END GROUP
                0x00008000                __top_MFlash32 = 0x8000
                0x10002000                __top_RamLoc8 = 0x10002000

.text           0x00000000     0x4ea0
 FILL mask 0xff
                0x00000000                __vectors_start__ = ABSOLUTE (.)
 *(.isr_vector)
 .isr_vector    0x00000000      0x128 ./src/OTHER/cr_startup_lpc13xx.o
                0x00000000                g_pfnVectors
                0x00000128                . = ALIGN (0x4)
                0x00000128                __section_table_start = .
                0x00000128                __data_section_table = .
                0x00000128        0x4 LONG 0x4ea0 LOADADDR (.data)
                0x0000012c        0x4 LONG 0x10000000 ADDR (.data)
                0x00000130        0x4 LONG 0x14 SIZEOF (.data)
                0x00000134                __data_section_table_end = .
                0x00000134                __bss_section_table = .
                0x00000134        0x4 LONG 0x10000014 ADDR (.bss)
                0x00000138        0x4 LONG 0x600 SIZEOF (.bss)
                0x0000013c                __bss_section_table_end = .
                0x0000013c                __section_table_end = .
 *(.after_vectors*)
 .after_vectors
                0x0000013c       0xa0 ./src/OTHER/cr_startup_lpc13xx.o
                0x0000013c                NMI_Handler
                0x00000140                HardFault_Handler
                0x00000144                MemManage_Handler
                0x00000148                BusFault_Handler
                0x0000014c                UsageFault_Handler
                0x00000150                SVC_Handler
                0x00000154                DebugMon_Handler
                0x00000158                PendSV_Handler
                0x00000160                SSP_IRQHandler
                0x00000160                PIOINT1_IRQHandler
                0x00000160                IntDefaultHandler
                0x00000160                TIMER16_1_IRQHandler
                0x00000160                USB_FIQHandler
                0x00000160                ADC_IRQHandler
                0x00000160                SSP1_IRQHandler
                0x00000160                PIOINT2_IRQHandler
                0x00000160                BOD_IRQHandler
                0x00000160                WAKEUP_IRQHandler
                0x00000160                PIOINT0_IRQHandler
                0x00000160                PIOINT3_IRQHandler
                0x00000160                WDT_IRQHandler
                0x00000160                TIMER16_0_IRQHandler
                0x00000160                FMC_IRQHandler
                0x00000164                data_init
                0x00000180                bss_init
                0x00000194                ResetISR
                0x000002fc                . = 0x2fc
 *fill*         0x000001dc      0x120 ff
                0x000002fc                PROVIDE (__CRP_WORD_START__, .)
 *(.crp)
 .crp           0x000002fc        0x4 ./src/OTHER/crp.o
                0x000002fc                CRP_WORD
                0x00000300                PROVIDE (__CRP_WORD_END__, .)
                0x00000001                ASSERT (! ((__CRP_WORD_START__ == __CRP_WORD_END__)), Linker CRP Enabled, but no CRP_WORD provided within application)
 *(.text*)
 .text.CDC_WrOutBuf
                0x00000300       0x2c ./src/USB/cdcuser.o
                0x00000300                CDC_WrOutBuf
 .text.CDC_SendEncapsulatedCommand
                0x0000032c        0x4 ./src/USB/cdcuser.o
                0x0000032c                CDC_SendEncapsulatedCommand
 .text.CDC_GetEncapsulatedResponse
                0x00000330        0x4 ./src/USB/cdcuser.o
                0x00000330                CDC_GetEncapsulatedResponse
 .text.CDC_SetCommFeature
                0x00000334        0x4 ./src/USB/cdcuser.o
                0x00000334                CDC_SetCommFeature
 .text.CDC_GetCommFeature
                0x00000338        0x4 ./src/USB/cdcuser.o
                0x00000338                CDC_GetCommFeature
 .text.CDC_ClearCommFeature
                0x0000033c        0x4 ./src/USB/cdcuser.o
                0x0000033c                CDC_ClearCommFeature
 .text.CDC_SetLineCoding
                0x00000340       0x48 ./src/USB/cdcuser.o
                0x00000340                CDC_SetLineCoding
 .text.CDC_GetLineCoding
                0x00000388       0x2c ./src/USB/cdcuser.o
                0x00000388                CDC_GetLineCoding
 .text.CDC_SetControlLineState
                0x000003b4        0x4 ./src/USB/cdcuser.o
                0x000003b4                CDC_SetControlLineState
 .text.CDC_SendBreak
                0x000003b8        0x4 ./src/USB/cdcuser.o
                0x000003b8                CDC_SendBreak
 .text.CDC_BulkIn
                0x000003bc       0x34 ./src/USB/cdcuser.o
                0x000003bc                CDC_BulkIn
 .text.CDC_BulkOut
                0x000003f0       0x24 ./src/USB/cdcuser.o
                0x000003f0                CDC_BulkOut
 .text.CDC_GetSerialState
                0x00000414       0xb0 ./src/USB/cdcuser.o
                0x00000414                CDC_GetSerialState
 .text.CDC_NotificationIn
                0x000004c4       0x40 ./src/USB/cdcuser.o
                0x000004c4                CDC_NotificationIn
 .text.USB_ResetCore
                0x00000504       0x38 ./src/USB/usbcore.o
                0x00000504                USB_ResetCore
 .text.USB_SetupStage
                0x0000053c       0x10 ./src/USB/usbcore.o
                0x0000053c                USB_SetupStage
 .text.USB_DataInStage
                0x0000054c       0x28 ./src/USB/usbcore.o
                0x0000054c                USB_DataInStage
 .text.USB_DataOutStage
                0x00000574       0x20 ./src/USB/usbcore.o
                0x00000574                USB_DataOutStage
 .text.USB_StatusInStage
                0x00000594       0x10 ./src/USB/usbcore.o
                0x00000594                USB_StatusInStage
 .text.USB_StatusOutStage
                0x000005a4       0x10 ./src/USB/usbcore.o
                0x000005a4                USB_StatusOutStage
 .text.USB_EndPoint0
                0x000005b4      0x83c ./src/USB/usbcore.o
                0x000005b4                USB_EndPoint0
 .text.USBIOClkConfig
                0x00000df0       0x60 ./src/USB/usbhw.o
                0x00000df0                USBIOClkConfig
 .text.EPAdr    0x00000e50       0x14 ./src/USB/usbhw.o
                0x00000e50                EPAdr
 .text.WrCmd    0x00000e64       0x1c ./src/USB/usbhw.o
                0x00000e64                WrCmd
 .text.WrCmdDat
                0x00000e80       0x10 ./src/USB/usbhw.o
                0x00000e80                WrCmdDat
 .text.WrCmdEP  0x00000e90       0x1c ./src/USB/usbhw.o
                0x00000e90                WrCmdEP
 .text.RdCmdDat
                0x00000eac       0x20 ./src/USB/usbhw.o
                0x00000eac                RdCmdDat
 .text.USB_Connect
                0x00000ecc       0x1c ./src/USB/usbhw.o
                0x00000ecc                USB_Connect
 .text.USB_Reset
                0x00000ee8       0x18 ./src/USB/usbhw.o
                0x00000ee8                USB_Reset
 .text.USB_WakeUpCfg
                0x00000f00        0x4 ./src/USB/usbhw.o
                0x00000f00                USB_WakeUpCfg
 .text.USB_SetAddress
                0x00000f04       0x24 ./src/USB/usbhw.o
                0x00000f04                USB_SetAddress
 .text.USB_Init
                0x00000f28       0x1c ./src/USB/usbhw.o
                0x00000f28                USB_Init
 .text.USB_Configure
                0x00000f44       0x1c ./src/USB/usbhw.o
                0x00000f44                USB_Configure
 .text.USB_ConfigEP
                0x00000f60        0x4 ./src/USB/usbhw.o
                0x00000f60                USB_ConfigEP
 .text.USB_DirCtrlEP
                0x00000f64        0x4 ./src/USB/usbhw.o
                0x00000f64                USB_DirCtrlEP
 .text.USB_EnableEP
                0x00000f68       0x1c ./src/USB/usbhw.o
                0x00000f68                USB_EnableEP
 .text.USB_DisableEP
                0x00000f84       0x1c ./src/USB/usbhw.o
                0x00000f84                USB_DisableEP
 .text.USB_ResetEP
                0x00000fa0       0x1c ./src/USB/usbhw.o
                0x00000fa0                USB_ResetEP
 .text.USB_SetStallEP
                0x00000fbc       0x1c ./src/USB/usbhw.o
                0x00000fbc                USB_SetStallEP
 .text.USB_ClrStallEP
                0x00000fd8       0x1c ./src/USB/usbhw.o
                0x00000fd8                USB_ClrStallEP
 .text.USB_ReadEP
                0x00000ff4       0x4c ./src/USB/usbhw.o
                0x00000ff4                USB_ReadEP
 .text.USB_WriteEP
                0x00001040       0x44 ./src/USB/usbhw.o
                0x00001040                USB_WriteEP
 .text.USB_IRQHandler
                0x00001084       0xbc ./src/USB/usbhw.o
                0x00001084                USB_IRQHandler
 .text.USB_EndPoint1
                0x00001140       0x24 ./src/USB/usbuser.o
                0x00001140                USB_EndPoint1
 .text.USB_EndPoint3
                0x00001164       0x18 ./src/USB/usbuser.o
                0x00001164                USB_EndPoint3
 .text.USB_Reset_Event
                0x0000117c        0x8 ./src/USB/usbuser.o
                0x0000117c                USB_Reset_Event
 .text.USB_Suspend_Event
                0x00001184        0x4 ./src/USB/usbuser.o
                0x00001184                USB_Suspend_Event
 .text.USB_Resume_Event
                0x00001188        0x4 ./src/USB/usbuser.o
                0x00001188                USB_Resume_Event
 .text.USB_Configure_Event
                0x0000118c        0x4 ./src/USB/usbuser.o
                0x0000118c                USB_Configure_Event
 .text.initSystemTickTimer
                0x00001190       0x24 ./src/PERIPHERAL/SystemTickTimer.o
 .text.wait1msec
                0x000011b4       0x40 ./src/PERIPHERAL/SystemTickTimer.o
                0x000011b4                wait1msec
 .text.SysTick_Handler
                0x000011f4       0x1c ./src/PERIPHERAL/SystemTickTimer.o
                0x000011f4                SysTick_Handler
 .text.myPrintfUART
                0x00001210       0x30 ./src/PERIPHERAL/debug.o
                0x00001210                myPrintfUART
 .text.I2C_IRQHandler
                0x00001240      0x244 ./src/PERIPHERAL/i2c.o
                0x00001240                I2C_IRQHandler
 .text.I2CStart
                0x00001484       0x2c ./src/PERIPHERAL/i2c.o
                0x00001484                I2CStart
 .text.I2CStop  0x000014b0       0x1c ./src/PERIPHERAL/i2c.o
                0x000014b0                I2CStop
 .text.I2CInit  0x000014cc       0x70 ./src/PERIPHERAL/i2c.o
                0x000014cc                I2CInit
 .text.I2CEngine
                0x0000153c       0x38 ./src/PERIPHERAL/i2c.o
                0x0000153c                I2CEngine
 .text.initIO   0x00001574       0x30 ./src/PERIPHERAL/io.o
                0x00001574                initIO
 .text.initTimer32_0
                0x000015a4       0x40 ./src/PERIPHERAL/timer.o
                0x000015a4                initTimer32_0
 .text.startTimer32_0
                0x000015e4        0xc ./src/PERIPHERAL/timer.o
                0x000015e4                startTimer32_0
 .text.initTimer32_1
                0x000015f0       0x40 ./src/PERIPHERAL/timer.o
                0x000015f0                initTimer32_1
 .text.startTimer32_1
                0x00001630        0xc ./src/PERIPHERAL/timer.o
                0x00001630                startTimer32_1
 .text.UART_IRQHandler
                0x0000163c       0xb0 ./src/PERIPHERAL/uart.o
                0x0000163c                UART_IRQHandler
 .text.UARTInit
                0x000016ec       0xd4 ./src/PERIPHERAL/uart.o
                0x000016ec                UARTInit
 .text.UARTSend
                0x000017c0       0x2c ./src/PERIPHERAL/uart.o
                0x000017c0                UARTSend
 .text.tryUSBConnect
                0x000017ec       0x88 ./src/PERIPHERAL/usbTransmission.o
                0x000017ec                tryUSBConnect
 .text.isUSBConfig
                0x00001874        0xc ./src/PERIPHERAL/usbTransmission.o
                0x00001874                isUSBConfig
 .text.ser_OpenPort
                0x00001880       0x5c ./src/OTHER/serial.o
                0x00001880                ser_OpenPort
 .text.ser_ClosePort
                0x000018dc       0x38 ./src/OTHER/serial.o
                0x000018dc                ser_ClosePort
 .text.ser_InitPort
                0x00001914       0xc8 ./src/OTHER/serial.o
                0x00001914                ser_InitPort
 .text.ser_Read
                0x000019dc       0x3c ./src/OTHER/serial.o
                0x000019dc                ser_Read
 .text.ser_AvailChar
                0x00001a18       0x18 ./src/OTHER/serial.o
                0x00001a18                ser_AvailChar
 .text.ser_LineState
                0x00001a30       0x10 ./src/OTHER/serial.o
                0x00001a30                ser_LineState
 .text.initMainFunction
                0x00001a40        0x8 ./src/MAIN/MainFunction.o
                0x00001a40                initMainFunction
 .text.setSendDataEnable
                0x00001a48        0xc ./src/MAIN/MainFunction.o
                0x00001a48                setSendDataEnable
 .text.TIMER32_1_IRQHandler
                0x00001a54       0xa0 ./src/MAIN/MainFunction.o
                0x00001a54                TIMER32_1_IRQHandler
 .text.setStateLED
                0x00001af4       0x28 ./src/MAIN/UserInterface.o
 .text.initUI   0x00001b1c        0x8 ./src/MAIN/UserInterface.o
                0x00001b1c                initUI
 .text.getStateSW
                0x00001b24       0x14 ./src/MAIN/UserInterface.o
                0x00001b24                getStateSW
 .text.turnLED  0x00001b38       0x14 ./src/MAIN/UserInterface.o
                0x00001b38                turnLED
 .text.flashLED
                0x00001b4c       0x1c ./src/MAIN/UserInterface.o
                0x00001b4c                flashLED
 .text.TIMER32_0_IRQHandler
                0x00001b68       0x98 ./src/MAIN/UserInterface.o
                0x00001b68                TIMER32_0_IRQHandler
 .text.bme280_init
                0x00001c00       0x78 ./src/MAIN/bme280.o
                0x00001c00                bme280_init
 .text.get_rawdata
                0x00001c78       0x9c ./src/MAIN/bme280.o
                0x00001c78                get_rawdata
 .text.get_trimdata
                0x00001d14      0x21c ./src/MAIN/bme280.o
                0x00001d14                get_trimdata
 .text.BME280_compensate_T_double
                0x00001f30       0xec ./src/MAIN/bme280.o
                0x00001f30                BME280_compensate_T_double
 *fill*         0x0000201c        0x4 
 .text.BME280_compensate_P_double
                0x00002020      0x248 ./src/MAIN/bme280.o
                0x00002020                BME280_compensate_P_double
 .text.bme280_compensate_H_double
                0x00002268      0x184 ./src/MAIN/bme280.o
                0x00002268                bme280_compensate_H_double
 .text.init     0x000023ec       0x50 ./src/MAIN/main.o
                0x000023ec                init
 .text.main     0x0000243c       0x38 ./src/MAIN/main.o
                0x0000243c                main
 .text.__NOP    0x00002474       0x10 C:\Users\ryota\OneDrive\RT working\github\RT-USB-THP\LPCXpresso sample\workspace_exp\CMSISv1p30_LPC13xx\Debug\libCMSISv1p30_LPC13xx.a(system_LPC13xx.o)
 .text.SystemInit
                0x00002484      0x120 C:\Users\ryota\OneDrive\RT working\github\RT-USB-THP\LPCXpresso sample\workspace_exp\CMSISv1p30_LPC13xx\Debug\libCMSISv1p30_LPC13xx.a(system_LPC13xx.o)
                0x00002484                SystemInit
 .text.__main   0x000025a4       0x14 c:/nxp/lpcxpresso_7.7.2_379/lpcxpresso/tools/bin/../lib/gcc/arm-none-eabi/4.9.3/../../../../arm-none-eabi/lib/armv7-m\libcr_semihost.a(_cr__main.o)
                0x000025a4                __CR_SEMIHOST
                0x000025a4                __main
 .text.fp_round
                0x000025b8       0x4a c:/nxp/lpcxpresso_7.7.2_379/lpcxpresso/tools/bin/../lib/gcc/arm-none-eabi/4.9.3/../../../../arm-none-eabi/lib/armv7-m\libcr_c.a(fpprintf.o)
 .text.pr_dec.constprop.1
                0x00002602       0x26 c:/nxp/lpcxpresso_7.7.2_379/lpcxpresso/tools/bin/../lib/gcc/arm-none-eabi/4.9.3/../../../../arm-none-eabi/lib/armv7-m\libcr_c.a(fpprintf.o)
 .text.sprintf  0x00002628       0x6c c:/nxp/lpcxpresso_7.7.2_379/lpcxpresso/tools/bin/../lib/gcc/arm-none-eabi/4.9.3/../../../../arm-none-eabi/lib/armv7-m\libcr_c.a(fpprintf.o)
                0x00002628                sprintf
 *fill*         0x00002694        0x4 
 .text.fp_display
                0x00002698      0x900 c:/nxp/lpcxpresso_7.7.2_379/lpcxpresso/tools/bin/../lib/gcc/arm-none-eabi/4.9.3/../../../../arm-none-eabi/lib/armv7-m\libcr_c.a(fpprintf.o)
 .text.vsprintf
                0x00002f98       0x5c c:/nxp/lpcxpresso_7.7.2_379/lpcxpresso/tools/bin/../lib/gcc/arm-none-eabi/4.9.3/../../../../arm-none-eabi/lib/armv7-m\libcr_c.a(fpprintf.o)
                0x00002f98                vsprintf
 .text._initio  0x00002ff4       0xa4 c:/nxp/lpcxpresso_7.7.2_379/lpcxpresso/tools/bin/../lib/gcc/arm-none-eabi/4.9.3/../../../../arm-none-eabi/lib/armv7-m\libcr_c.a(initio.o)
                0x00002ff4                _initio
 .text.__vfprintf
                0x00003098      0xca4 c:/nxp/lpcxpresso_7.7.2_379/lpcxpresso/tools/bin/../lib/gcc/arm-none-eabi/4.9.3/../../../../arm-none-eabi/lib/armv7-m\libcr_c.a(printf.o)
                0x00003098                __vfprintf
 .text.setvbuf  0x00003d3c       0x40 c:/nxp/lpcxpresso_7.7.2_379/lpcxpresso/tools/bin/../lib/gcc/arm-none-eabi/4.9.3/../../../../arm-none-eabi/lib/armv7-m\libcr_c.a(setvbuf.o)
                0x00003d3c                setvbuf
 .text.strlen   0x00003d7c       0x4a c:/nxp/lpcxpresso_7.7.2_379/lpcxpresso/tools/bin/../lib/gcc/arm-none-eabi/4.9.3/../../../../arm-none-eabi/lib/armv7-m\libcr_c.a(strlen.o)
                0x00003d7c                strlen
 .text.memset   0x00003dc6        0x4 c:/nxp/lpcxpresso_7.7.2_379/lpcxpresso/tools/bin/../lib/gcc/arm-none-eabi/4.9.3/../../../../arm-none-eabi/lib/armv7-m\libcr_c.a(memset.o)
                0x00003dc6                memset
 .text._deferredlazyseek
                0x00003dca       0x44 c:/nxp/lpcxpresso_7.7.2_379/lpcxpresso/tools/bin/../lib/gcc/arm-none-eabi/4.9.3/../../../../arm-none-eabi/lib/armv7-m\libcr_c.a(_deferredlazyseek.o)
                0x00003dca                _deferredlazyseek
 .text.__flsbuf
                0x00003e0e      0x142 c:/nxp/lpcxpresso_7.7.2_379/lpcxpresso/tools/bin/../lib/gcc/arm-none-eabi/4.9.3/../../../../arm-none-eabi/lib/armv7-m\libcr_c.a(_deferredlazyseek.o)
                0x00003e0e                __flsbuf
 .text._fdopen  0x00003f50       0x6a c:/nxp/lpcxpresso_7.7.2_379/lpcxpresso/tools/bin/../lib/gcc/arm-none-eabi/4.9.3/../../../../arm-none-eabi/lib/armv7-m\libcr_c.a(_fdopen.o)
                0x00003f50                _fdopen
 .text._fflush  0x00003fba       0x58 c:/nxp/lpcxpresso_7.7.2_379/lpcxpresso/tools/bin/../lib/gcc/arm-none-eabi/4.9.3/../../../../arm-none-eabi/lib/armv7-m\libcr_c.a(_fflush.o)
                0x00003fba                _fflush
 .text._frexpl  0x00004012       0x5a c:/nxp/lpcxpresso_7.7.2_379/lpcxpresso/tools/bin/../lib/gcc/arm-none-eabi/4.9.3/../../../../arm-none-eabi/lib/armv7-m\libcr_c.a(_frexpl.o)
                0x00004012                _frexpl
 .text._ldexpl  0x0000406c       0x4c c:/nxp/lpcxpresso_7.7.2_379/lpcxpresso/tools/bin/../lib/gcc/arm-none-eabi/4.9.3/../../../../arm-none-eabi/lib/armv7-m\libcr_c.a(_ldexpl.o)
                0x0000406c                _ldexpl
 .text._Cwritebuf
                0x000040b8       0x70 c:/nxp/lpcxpresso_7.7.2_379/lpcxpresso/tools/bin/../lib/gcc/arm-none-eabi/4.9.3/../../../../arm-none-eabi/lib/armv7-m\libcr_c.a(_writebuf.o)
                0x000040b8                _Cwritebuf
 .text.malloc   0x00004128       0xcc c:/nxp/lpcxpresso_7.7.2_379/lpcxpresso/tools/bin/../lib/gcc/arm-none-eabi/4.9.3/../../../../arm-none-eabi/lib/armv7-m\libcr_c.a(alloc.o)
                0x00004128                malloc
 .text.free     0x000041f4       0x30 c:/nxp/lpcxpresso_7.7.2_379/lpcxpresso/tools/bin/../lib/gcc/arm-none-eabi/4.9.3/../../../../arm-none-eabi/lib/armv7-m\libcr_c.a(alloc.o)
                0x000041f4                free
 .text._Csys_alloc
                0x00004224       0x20 c:/nxp/lpcxpresso_7.7.2_379/lpcxpresso/tools/bin/../lib/gcc/arm-none-eabi/4.9.3/../../../../arm-none-eabi/lib/armv7-m\libcr_c.a(alloc.o)
                0x00004224                _Csys_alloc
 .text.fclose   0x00004244       0x6c c:/nxp/lpcxpresso_7.7.2_379/lpcxpresso/tools/bin/../lib/gcc/arm-none-eabi/4.9.3/../../../../arm-none-eabi/lib/armv7-m\libcr_c.a(fclose.o)
                0x00004244                fclose
 .text.fflush   0x000042b0       0x30 c:/nxp/lpcxpresso_7.7.2_379/lpcxpresso/tools/bin/../lib/gcc/arm-none-eabi/4.9.3/../../../../arm-none-eabi/lib/armv7-m\libcr_c.a(fflush.o)
                0x000042b0                fflush
 .text.fseek    0x000042e0      0x110 c:/nxp/lpcxpresso_7.7.2_379/lpcxpresso/tools/bin/../lib/gcc/arm-none-eabi/4.9.3/../../../../arm-none-eabi/lib/armv7-m\libcr_c.a(fseek.o)
                0x000042e0                fseek
 .text.ftell    0x000043f0       0x4c c:/nxp/lpcxpresso_7.7.2_379/lpcxpresso/tools/bin/../lib/gcc/arm-none-eabi/4.9.3/../../../../arm-none-eabi/lib/armv7-m\libcr_c.a(ftell.o)
                0x000043f0                ftell
 .text.remove   0x0000443c       0x14 c:/nxp/lpcxpresso_7.7.2_379/lpcxpresso/tools/bin/../lib/gcc/arm-none-eabi/4.9.3/../../../../arm-none-eabi/lib/armv7-m\libcr_c.a(remove.o)
                0x0000443c                remove
 .text._sbrk    0x00004450       0x40 c:/nxp/lpcxpresso_7.7.2_379/lpcxpresso/tools/bin/../lib/gcc/arm-none-eabi/4.9.3/../../../../arm-none-eabi/lib/armv7-m\libcr_c.a(_cr_sbrk.o)
                0x00004450                _sbrk
 .text._do_fflush
                0x00004490       0x44 c:/nxp/lpcxpresso_7.7.2_379/lpcxpresso/tools/bin/../lib/gcc/arm-none-eabi/4.9.3/../../../../arm-none-eabi/lib/armv7-m\libcr_c.a(_do_fflush.o)
                0x00004490                _do_fflush
 .text.__check_heap_overflow
                0x000044d4       0x18 c:/nxp/lpcxpresso_7.7.2_379/lpcxpresso/tools/bin/../lib/gcc/arm-none-eabi/4.9.3/../../../../arm-none-eabi/lib/armv7-m\libcr_c.a(_cr_check_heap.o)
                0x000044d4                __check_heap_overflow
 .text.__aeabi_dmul
                0x000044ec      0x120 c:/nxp/lpcxpresso_7.7.2_379/lpcxpresso/tools/bin/../lib/gcc/arm-none-eabi/4.9.3/armv7-m\libcr_eabihelpers.a(double.o)
                0x000044ec                __aeabi_dmul
 .text.__aeabi_ddiv
                0x0000460c      0x150 c:/nxp/lpcxpresso_7.7.2_379/lpcxpresso/tools/bin/../lib/gcc/arm-none-eabi/4.9.3/armv7-m\libcr_eabihelpers.a(double.o)
                0x0000460c                __aeabi_ddiv
 .text.__aeabi_dsub
                0x0000475c      0x1d8 c:/nxp/lpcxpresso_7.7.2_379/lpcxpresso/tools/bin/../lib/gcc/arm-none-eabi/4.9.3/armv7-m\libcr_eabihelpers.a(double.o)
                0x0000475c                __aeabi_dsub
 .text.__aeabi_dadd
                0x00004934      0x134 c:/nxp/lpcxpresso_7.7.2_379/lpcxpresso/tools/bin/../lib/gcc/arm-none-eabi/4.9.3/armv7-m\libcr_eabihelpers.a(double.o)
                0x00004934                __aeabi_dadd
 .text.__aeabi_d2iz
                0x00004a68       0x40 c:/nxp/lpcxpresso_7.7.2_379/lpcxpresso/tools/bin/../lib/gcc/arm-none-eabi/4.9.3/armv7-m\libcr_eabihelpers.a(double.o)
                0x00004a68                __aeabi_d2iz
 .text.__bhs_ui2d
                0x00004aa8       0x48 c:/nxp/lpcxpresso_7.7.2_379/lpcxpresso/tools/bin/../lib/gcc/arm-none-eabi/4.9.3/armv7-m\libcr_eabihelpers.a(double.o)
                0x00004aa8                __bhs_ui2d
 .text.__aeabi_i2d
                0x00004af0       0x14 c:/nxp/lpcxpresso_7.7.2_379/lpcxpresso/tools/bin/../lib/gcc/arm-none-eabi/4.9.3/armv7-m\libcr_eabihelpers.a(double.o)
                0x00004af0                __aeabi_i2d
 .text.__aeabi_ui2d
                0x00004b04        0x8 c:/nxp/lpcxpresso_7.7.2_379/lpcxpresso/tools/bin/../lib/gcc/arm-none-eabi/4.9.3/armv7-m\libcr_eabihelpers.a(double.o)
                0x00004b04                __aeabi_ui2d
 .text.__aeabi_dcmpeq
                0x00004b0c       0x2c c:/nxp/lpcxpresso_7.7.2_379/lpcxpresso/tools/bin/../lib/gcc/arm-none-eabi/4.9.3/armv7-m\libcr_eabihelpers.a(double.o)
                0x00004b0c                __aeabi_dcmpeq
 .text.__aeabi_dcmplt
                0x00004b38       0x5c c:/nxp/lpcxpresso_7.7.2_379/lpcxpresso/tools/bin/../lib/gcc/arm-none-eabi/4.9.3/armv7-m\libcr_eabihelpers.a(double.o)
                0x00004b38                __aeabi_dcmplt
 .text.__aeabi_dcmpgt
                0x00004b94       0x5c c:/nxp/lpcxpresso_7.7.2_379/lpcxpresso/tools/bin/../lib/gcc/arm-none-eabi/4.9.3/armv7-m\libcr_eabihelpers.a(double.o)
                0x00004b94                __aeabi_dcmpgt
 .text.__aeabi_dcmple
                0x00004bf0       0x5c c:/nxp/lpcxpresso_7.7.2_379/lpcxpresso/tools/bin/../lib/gcc/arm-none-eabi/4.9.3/armv7-m\libcr_eabihelpers.a(double.o)
                0x00004bf0                __aeabi_dcmple
 .text.__aeabi_dcmpge
                0x00004c4c       0x5c c:/nxp/lpcxpresso_7.7.2_379/lpcxpresso/tools/bin/../lib/gcc/arm-none-eabi/4.9.3/armv7-m\libcr_eabihelpers.a(double.o)
                0x00004c4c                __aeabi_dcmpge
 .text.__aeabi_memset_lowlevel
                0x00004ca8       0x32 c:/nxp/lpcxpresso_7.7.2_379/lpcxpresso/tools/bin/../lib/gcc/arm-none-eabi/4.9.3/armv7-m\libcr_eabihelpers.a(memcpy.o)
                0x00004ca8                __aeabi_lowlevel_memset
 *fill*         0x00004cda        0x2 
 .text.__sys_appexit
                0x00004cdc        0xc c:/nxp/lpcxpresso_7.7.2_379/lpcxpresso/tools/bin/../lib/gcc/arm-none-eabi/4.9.3/../../../../arm-none-eabi/lib/armv7-m\libcr_semihost.a(__sys_appexit.o)
                0x00004cdc                __sys_appexit
                0x00004cdc                __exit
 .text.__sys_close
                0x00004ce8        0xc c:/nxp/lpcxpresso_7.7.2_379/lpcxpresso/tools/bin/../lib/gcc/arm-none-eabi/4.9.3/../../../../arm-none-eabi/lib/armv7-m\libcr_semihost.a(__sys_close.o)
                0x00004ce8                __sys_close
 .text.__sys_flen
                0x00004cf4        0xc c:/nxp/lpcxpresso_7.7.2_379/lpcxpresso/tools/bin/../lib/gcc/arm-none-eabi/4.9.3/../../../../arm-none-eabi/lib/armv7-m\libcr_semihost.a(__sys_flen.o)
                0x00004cf4                __sys_flen
 .text.__sys_istty
                0x00004d00        0xc c:/nxp/lpcxpresso_7.7.2_379/lpcxpresso/tools/bin/../lib/gcc/arm-none-eabi/4.9.3/../../../../arm-none-eabi/lib/armv7-m\libcr_semihost.a(__sys_istty.o)
                0x00004d00                __sys_istty
 .text.__sys_remove
                0x00004d0c        0xc c:/nxp/lpcxpresso_7.7.2_379/lpcxpresso/tools/bin/../lib/gcc/arm-none-eabi/4.9.3/../../../../arm-none-eabi/lib/armv7-m\libcr_semihost.a(__sys_remove.o)
                0x00004d0c                __sys_remove
 .text.__sys_seek
                0x00004d18        0xc c:/nxp/lpcxpresso_7.7.2_379/lpcxpresso/tools/bin/../lib/gcc/arm-none-eabi/4.9.3/../../../../arm-none-eabi/lib/armv7-m\libcr_semihost.a(__sys_seek.o)
                0x00004d18                __sys_seek
 .text.__sys_tmpnam
                0x00004d24        0xc c:/nxp/lpcxpresso_7.7.2_379/lpcxpresso/tools/bin/../lib/gcc/arm-none-eabi/4.9.3/../../../../arm-none-eabi/lib/armv7-m\libcr_semihost.a(__sys_tmpnam.o)
                0x00004d24                __sys_tmpnam
 .text.__sys_write
                0x00004d30        0xc c:/nxp/lpcxpresso_7.7.2_379/lpcxpresso/tools/bin/../lib/gcc/arm-none-eabi/4.9.3/../../../../arm-none-eabi/lib/armv7-m\libcr_semihost.a(__sys_write.o)
                0x00004d30                __sys_write
                0x00004d30                __write
 *(.rodata .rodata.* .constdata .constdata.*)
 .rodata.USB_ConfigDescriptor
                0x00004d3c       0x44 ./src/USB/usbdesc.o
                0x00004d3c                USB_ConfigDescriptor
 .rodata.USB_StringDescriptor
                0x00004d80       0x4c ./src/USB/usbdesc.o
                0x00004d80                USB_StringDescriptor
 .rodata.USB_DeviceDescriptor
                0x00004dcc       0x14 ./src/USB/usbdesc.o
                0x00004dcc                USB_DeviceDescriptor
 .rodata.USB_P_EP
                0x00004de0       0x14 ./src/USB/usbuser.o
                0x00004de0                USB_P_EP
 .rodata.str1.4
                0x00004df4       0x1c ./src/MAIN/MainFunction.o
 .rodata.str1.1
                0x00004e10       0x34 c:/nxp/lpcxpresso_7.7.2_379/lpcxpresso/tools/bin/../lib/gcc/arm-none-eabi/4.9.3/../../../../arm-none-eabi/lib/armv7-m\libcr_c.a(fpprintf.o)
                                 0x35 (size before relaxing)
 .rodata.str1.1
                0x00004e44        0x4 c:/nxp/lpcxpresso_7.7.2_379/lpcxpresso/tools/bin/../lib/gcc/arm-none-eabi/4.9.3/../../../../arm-none-eabi/lib/armv7-m\libcr_c.a(initio.o)
 .rodata.str1.1
                0x00004e48       0x31 c:/nxp/lpcxpresso_7.7.2_379/lpcxpresso/tools/bin/../lib/gcc/arm-none-eabi/4.9.3/../../../../arm-none-eabi/lib/armv7-m\libcr_c.a(printf.o)
                                 0x38 (size before relaxing)
 .rodata.str1.1
                0x00004e79       0x18 c:/nxp/lpcxpresso_7.7.2_379/lpcxpresso/tools/bin/../lib/gcc/arm-none-eabi/4.9.3/../../../../arm-none-eabi/lib/armv7-m\libcr_c.a(alloc.o)
 *fill*         0x00004e91        0x7 
 .rodata.__huge_vall
                0x00004e98        0x8 c:/nxp/lpcxpresso_7.7.2_379/lpcxpresso/tools/bin/../lib/gcc/arm-none-eabi/4.9.3/../../../../arm-none-eabi/lib/armv7-m\libcr_c.a(_hugeval.o)
                0x00004e98                __huge_vall
                0x00004ea0                . = ALIGN (0x4)

.glue_7         0x00004ea0        0x0
 .glue_7        0x00000000        0x0 linker stubs

.glue_7t        0x00004ea0        0x0
 .glue_7t       0x00000000        0x0 linker stubs

.vfp11_veneer   0x00004ea0        0x0
 .vfp11_veneer  0x00000000        0x0 linker stubs

.v4_bx          0x00004ea0        0x0
 .v4_bx         0x00000000        0x0 linker stubs

.iplt           0x00004ea0        0x0
 .iplt          0x00000000        0x0 ./src/USB/cdcuser.o

.rel.dyn        0x00004ea0        0x0
 .rel.iplt      0x00000000        0x0 ./src/USB/cdcuser.o

.ARM.extab
 *(.ARM.extab* .gnu.linkonce.armextab.*)
                0x00004ea0                __exidx_start = .

.ARM.exidx
 *(.ARM.exidx* .gnu.linkonce.armexidx.*)
                0x00004ea0                __exidx_end = .
                0x00004ea0                _etext = .

.uninit_RESERVED
                0x10000000        0x0
 *(.bss.$RESERVED*)
                0x10000000                . = ALIGN (0x4)
                0x10000000                _end_uninit_RESERVED = .

.data           0x10000000       0x14 load address 0x00004ea0
 FILL mask 0xff
                0x10000000                _data = .
 *(vtable)
 *(.ramfunc*)
 *(.data*)
 .data.CDC_DepInEmpty
                0x10000000        0x2 ./src/USB/cdcuser.o
                0x10000000                CDC_DepInEmpty
 *fill*         0x10000002        0x2 
 .data.CDC_LineCoding
                0x10000004        0x8 ./src/USB/cdcuser.o
                0x10000004                CDC_LineCoding
 .data.UARTTxEmpty
                0x1000000c        0x1 ./src/PERIPHERAL/uart.o
                0x1000000c                UARTTxEmpty
 *fill*         0x1000000d        0x1 
 .data.off_count_LED
                0x1000000e        0x2 ./src/MAIN/UserInterface.o
 .data          0x10000010        0x4 C:\Users\ryota\OneDrive\RT working\github\RT-USB-THP\LPCXpresso sample\workspace_exp\CMSISv1p30_LPC13xx\Debug\libCMSISv1p30_LPC13xx.a(system_LPC13xx.o)
                0x10000010                SystemCoreClock
                0x10000014                . = ALIGN (0x4)
                0x10000014                _edata = .

.igot.plt       0x10000014        0x0 load address 0x00004eb4
 .igot.plt      0x00000000        0x0 ./src/USB/cdcuser.o

.bss            0x10000014      0x600 load address 0x00004eb4
                0x10000014                _bss = .
 *(.bss*)
 .bss.CDC_SerialState
                0x10000014        0x2 ./src/USB/cdcuser.o
                0x10000014                CDC_SerialState
 .bss.serialState.4049
                0x10000016        0x2 ./src/USB/usbuser.o
 .bss.systick_wait_count
                0x10000018        0x4 ./src/PERIPHERAL/SystemTickTimer.o
 .bss.systick_time_count
                0x1000001c        0x4 ./src/PERIPHERAL/SystemTickTimer.o
 .bss.systick_handler_state
                0x10000020        0x1 ./src/PERIPHERAL/SystemTickTimer.o
 *fill*         0x10000021        0x3 
 .bss.buffer.4610
                0x10000024       0x64 ./src/PERIPHERAL/debug.o
 .bss.RdIndex   0x10000088        0x4 ./src/PERIPHERAL/i2c.o
                0x10000088                RdIndex
 .bss.I2CMasterState
                0x1000008c        0x4 ./src/PERIPHERAL/i2c.o
                0x1000008c                I2CMasterState
 .bss.WrIndex   0x10000090        0x4 ./src/PERIPHERAL/i2c.o
                0x10000090                WrIndex
 .bss.UARTCount
                0x10000094        0x4 ./src/PERIPHERAL/uart.o
                0x10000094                UARTCount
 .bss.flag_usb_config
                0x10000098        0x1 ./src/PERIPHERAL/usbTransmission.o
 .bss.flag_send_data_enable
                0x10000099        0x1 ./src/MAIN/MainFunction.o
 *fill*         0x1000009a        0x2 
 .bss.timestamp.4496
                0x1000009c        0x4 ./src/MAIN/MainFunction.o
 .bss.elapsed_time_count
                0x100000a0        0x4 ./src/MAIN/UserInterface.o
 .bss.flag_flash_LED
                0x100000a4        0x1 ./src/MAIN/UserInterface.o
 *fill*         0x100000a5        0x1 
 .bss.LED_count
                0x100000a6        0x2 ./src/MAIN/UserInterface.o
 .bss.SW_count  0x100000a8        0x2 ./src/MAIN/UserInterface.o
 .bss.on_count_LED
                0x100000aa        0x2 ./src/MAIN/UserInterface.o
 .bss.errno     0x100000ac        0x4 c:/nxp/lpcxpresso_7.7.2_379/lpcxpresso/tools/bin/../lib/gcc/arm-none-eabi/4.9.3/../../../../arm-none-eabi/lib/armv7-m\libcr_c.a(errno.o)
                0x100000ac                errno
 *(COMMON)
 COMMON         0x100000b0       0xd4 ./src/USB/cdcuser.o
                0x100000b0                BulkBufOut
                0x100000f0                NotificationBuf
                0x100000fc                BulkBufIn
                0x1000013c                CDC_OutBuf
 COMMON         0x10000184       0x6e ./src/USB/usbcore.o
                0x10000184                USB_AltSetting
                0x10000188                EP0Buf
                0x100001c8                USB_EndPointMask
                0x100001cc                USB_DeviceAddress
                0x100001d0                USB_EndPointStall
                0x100001d4                USB_EndPointHalt
                0x100001d8                USB_Configuration
                0x100001dc                SetupPacket
                0x100001e4                USB_NumInterfaces
                0x100001e8                EP0Data
                0x100001f0                USB_DeviceStatus
 *fill*         0x100001f2        0x2 
 COMMON         0x100001f4      0x10c ./src/PERIPHERAL/i2c.o
                0x100001f4                I2CReadLength
                0x100001f8                I2CSlaveBuffer
                0x10000278                I2CMode
                0x1000027c                I2CMasterBuffer
                0x100002fc                I2CWriteLength
 COMMON         0x10000300       0x84 ./src/PERIPHERAL/uart.o
                0x10000300                UARTBuffer
                0x10000380                UARTStatus
 COMMON         0x10000384      0x118 ./src/OTHER/serial.o
                0x10000384                ser_in
                0x1000040c                ser_txRestart
                0x10000410                ser_lineState
                0x10000414                ser_out
 COMMON         0x1000049c       0x2c ./src/MAIN/bme280.o
                0x1000049c                dig_P7
                0x1000049e                dig_T1
                0x100004a0                dig_H4
                0x100004a2                dig_T2
                0x100004a4                dig_H1
                0x100004a6                dig_P2
                0x100004a8                dig_P4
                0x100004aa                dig_H6
                0x100004ac                t_fine_
                0x100004b0                dig_P5
                0x100004b2                dig_P1
                0x100004b4                dig_P3
                0x100004b6                dig_P8
                0x100004b8                dig_H5
                0x100004ba                dig_H3
                0x100004bc                dig_P9
                0x100004be                dig_T3
                0x100004c0                dig_P6
                0x100004c2                dig_H2
                0x100004c4                t_fine
 COMMON         0x100004c8        0x4 c:/nxp/lpcxpresso_7.7.2_379/lpcxpresso/tools/bin/../lib/gcc/arm-none-eabi/4.9.3/../../../../arm-none-eabi/lib/armv7-m\libcr_c.a(initio.o)
                0x100004c8                _extra
 COMMON         0x100004cc      0x140 c:/nxp/lpcxpresso_7.7.2_379/lpcxpresso/tools/bin/../lib/gcc/arm-none-eabi/4.9.3/../../../../arm-none-eabi/lib/armv7-m\libcr_c.a(stdio.o)
                0x100004cc                __Ciob
 COMMON         0x1000060c        0x8 c:/nxp/lpcxpresso_7.7.2_379/lpcxpresso/tools/bin/../lib/gcc/arm-none-eabi/4.9.3/../../../../arm-none-eabi/lib/armv7-m\libcr_c.a(__init_alloc.o)
                0x1000060c                __heaps
                0x10000610                __end_of_heap
                0x10000614                . = ALIGN (0x4)
                0x10000614                _ebss = .
                0x10000614                PROVIDE (end, .)

.noinit         0x10000614        0x0 load address 0x00004eb4
                0x10000614                _noinit = .
 *(.noinit*)
                0x10000614                . = ALIGN (0x4)
                0x10000614                _end_noinit = .
                0x10000614                PROVIDE (_pvHeapStart, DEFINED (__user_heap_base)?__user_heap_base:.)
                0x10002000                PROVIDE (_vStackTop, DEFINED (__user_stack_top)?__user_stack_top:(__top_RamLoc8 - 0x0))
OUTPUT(RT-USB-THP-sample.axf elf32-littlearm)

.debug_info     0x00000000     0x8ad9
 .debug_info    0x00000000      0x623 ./src/USB/cdcuser.o
 .debug_info    0x00000623     0x11f8 ./src/USB/usbcore.o
 .debug_info    0x0000181b       0xec ./src/USB/usbdesc.o
 .debug_info    0x00001907     0x156e ./src/USB/usbhw.o
 .debug_info    0x00002e75      0x204 ./src/USB/usbuser.o
 .debug_info    0x00003079      0x1dc ./src/PERIPHERAL/SystemTickTimer.o
 .debug_info    0x00003255      0x2df ./src/PERIPHERAL/debug.o
 .debug_info    0x00003534      0xd03 ./src/PERIPHERAL/i2c.o
 .debug_info    0x00004237      0x4dd ./src/PERIPHERAL/io.o
 .debug_info    0x00004714      0xa83 ./src/PERIPHERAL/timer.o
 .debug_info    0x00005197      0xd56 ./src/PERIPHERAL/uart.o
 .debug_info    0x00005eed      0x385 ./src/PERIPHERAL/usbTransmission.o
 .debug_info    0x00006272      0x28c ./src/OTHER/cr_startup_lpc13xx.o
 .debug_info    0x000064fe       0x3f ./src/OTHER/crp.o
 .debug_info    0x0000653d      0xecf ./src/OTHER/serial.o
 .debug_info    0x0000740c      0x369 ./src/MAIN/MainFunction.o
 .debug_info    0x00007775      0x4a9 ./src/MAIN/UserInterface.o
 .debug_info    0x00007c1e      0x712 ./src/MAIN/bme280.o
 .debug_info    0x00008330      0x2cb ./src/MAIN/main.o
 .debug_info    0x000085fb      0x4de C:\Users\ryota\OneDrive\RT working\github\RT-USB-THP\LPCXpresso sample\workspace_exp\CMSISv1p30_LPC13xx\Debug\libCMSISv1p30_LPC13xx.a(system_LPC13xx.o)

.debug_abbrev   0x00000000     0x218d
 .debug_abbrev  0x00000000      0x1e1 ./src/USB/cdcuser.o
 .debug_abbrev  0x000001e1      0x33d ./src/USB/usbcore.o
 .debug_abbrev  0x0000051e       0x60 ./src/USB/usbdesc.o
 .debug_abbrev  0x0000057e      0x382 ./src/USB/usbhw.o
 .debug_abbrev  0x00000900      0x12b ./src/USB/usbuser.o
 .debug_abbrev  0x00000a2b      0x11a ./src/PERIPHERAL/SystemTickTimer.o
 .debug_abbrev  0x00000b45      0x197 ./src/PERIPHERAL/debug.o
 .debug_abbrev  0x00000cdc      0x224 ./src/PERIPHERAL/i2c.o
 .debug_abbrev  0x00000f00      0x139 ./src/PERIPHERAL/io.o
 .debug_abbrev  0x00001039      0x1b6 ./src/PERIPHERAL/timer.o
 .debug_abbrev  0x000011ef      0x20c ./src/PERIPHERAL/uart.o
 .debug_abbrev  0x000013fb      0x224 ./src/PERIPHERAL/usbTransmission.o
 .debug_abbrev  0x0000161f      0x111 ./src/OTHER/cr_startup_lpc13xx.o
 .debug_abbrev  0x00001730       0x36 ./src/OTHER/crp.o
 .debug_abbrev  0x00001766      0x237 ./src/OTHER/serial.o
 .debug_abbrev  0x0000199d      0x185 ./src/MAIN/MainFunction.o
 .debug_abbrev  0x00001b22      0x1ff ./src/MAIN/UserInterface.o
 .debug_abbrev  0x00001d21      0x23d ./src/MAIN/bme280.o
 .debug_abbrev  0x00001f5e       0xff ./src/MAIN/main.o
 .debug_abbrev  0x0000205d      0x130 C:\Users\ryota\OneDrive\RT working\github\RT-USB-THP\LPCXpresso sample\workspace_exp\CMSISv1p30_LPC13xx\Debug\libCMSISv1p30_LPC13xx.a(system_LPC13xx.o)

.debug_loc      0x00000000     0x1ddc
 .debug_loc     0x00000000      0x215 ./src/USB/cdcuser.o
 .debug_loc     0x00000215      0xa4c ./src/USB/usbcore.o
 .debug_loc     0x00000c61      0x462 ./src/USB/usbhw.o
 .debug_loc     0x000010c3       0x79 ./src/USB/usbuser.o
 .debug_loc     0x0000113c       0x58 ./src/PERIPHERAL/SystemTickTimer.o
 .debug_loc     0x00001194       0x29 ./src/PERIPHERAL/debug.o
 .debug_loc     0x000011bd       0xe7 ./src/PERIPHERAL/i2c.o
 .debug_loc     0x000012a4      0x11c ./src/PERIPHERAL/uart.o
 .debug_loc     0x000013c0       0x13 ./src/PERIPHERAL/usbTransmission.o
 .debug_loc     0x000013d3      0x1d1 ./src/OTHER/cr_startup_lpc13xx.o
 .debug_loc     0x000015a4      0x2d1 ./src/OTHER/serial.o
 .debug_loc     0x00001875       0x49 ./src/MAIN/UserInterface.o
 .debug_loc     0x000018be      0x51e ./src/MAIN/bme280.o

.debug_aranges  0x00000000      0x658
 .debug_aranges
                0x00000000       0xa0 ./src/USB/cdcuser.o
 .debug_aranges
                0x000000a0       0x98 ./src/USB/usbcore.o
 .debug_aranges
                0x00000138       0x18 ./src/USB/usbdesc.o
 .debug_aranges
                0x00000150      0x100 ./src/USB/usbhw.o
 .debug_aranges
                0x00000250       0x50 ./src/USB/usbuser.o
 .debug_aranges
                0x000002a0       0x48 ./src/PERIPHERAL/SystemTickTimer.o
 .debug_aranges
                0x000002e8       0x28 ./src/PERIPHERAL/debug.o
 .debug_aranges
                0x00000310       0x40 ./src/PERIPHERAL/i2c.o
 .debug_aranges
                0x00000350       0x20 ./src/PERIPHERAL/io.o
 .debug_aranges
                0x00000370       0x48 ./src/PERIPHERAL/timer.o
 .debug_aranges
                0x000003b8       0x30 ./src/PERIPHERAL/uart.o
 .debug_aranges
                0x000003e8       0x38 ./src/PERIPHERAL/usbTransmission.o
 .debug_aranges
                0x00000420       0x80 ./src/OTHER/cr_startup_lpc13xx.o
 .debug_aranges
                0x000004a0       0x18 ./src/OTHER/crp.o
 .debug_aranges
                0x000004b8       0x50 ./src/OTHER/serial.o
 .debug_aranges
                0x00000508       0x30 ./src/MAIN/MainFunction.o
 .debug_aranges
                0x00000538       0x60 ./src/MAIN/UserInterface.o
 .debug_aranges
                0x00000598       0x68 ./src/MAIN/bme280.o
 .debug_aranges
                0x00000600       0x28 ./src/MAIN/main.o
 .debug_aranges
                0x00000628       0x30 C:\Users\ryota\OneDrive\RT working\github\RT-USB-THP\LPCXpresso sample\workspace_exp\CMSISv1p30_LPC13xx\Debug\libCMSISv1p30_LPC13xx.a(system_LPC13xx.o)

.debug_ranges   0x00000000      0x508
 .debug_ranges  0x00000000       0x90 ./src/USB/cdcuser.o
 .debug_ranges  0x00000090       0x88 ./src/USB/usbcore.o
 .debug_ranges  0x00000118       0xf0 ./src/USB/usbhw.o
 .debug_ranges  0x00000208       0x40 ./src/USB/usbuser.o
 .debug_ranges  0x00000248       0x38 ./src/PERIPHERAL/SystemTickTimer.o
 .debug_ranges  0x00000280       0x18 ./src/PERIPHERAL/debug.o
 .debug_ranges  0x00000298       0x30 ./src/PERIPHERAL/i2c.o
 .debug_ranges  0x000002c8       0x10 ./src/PERIPHERAL/io.o
 .debug_ranges  0x000002d8       0x38 ./src/PERIPHERAL/timer.o
 .debug_ranges  0x00000310       0x20 ./src/PERIPHERAL/uart.o
 .debug_ranges  0x00000330       0x28 ./src/PERIPHERAL/usbTransmission.o
 .debug_ranges  0x00000358       0x70 ./src/OTHER/cr_startup_lpc13xx.o
 .debug_ranges  0x000003c8       0x40 ./src/OTHER/serial.o
 .debug_ranges  0x00000408       0x20 ./src/MAIN/MainFunction.o
 .debug_ranges  0x00000428       0x50 ./src/MAIN/UserInterface.o
 .debug_ranges  0x00000478       0x58 ./src/MAIN/bme280.o
 .debug_ranges  0x000004d0       0x18 ./src/MAIN/main.o
 .debug_ranges  0x000004e8       0x20 C:\Users\ryota\OneDrive\RT working\github\RT-USB-THP\LPCXpresso sample\workspace_exp\CMSISv1p30_LPC13xx\Debug\libCMSISv1p30_LPC13xx.a(system_LPC13xx.o)

.debug_macro    0x00000000     0x3efe
 .debug_macro   0x00000000       0xb6 ./src/USB/cdcuser.o
 .debug_macro   0x000000b6      0x880 ./src/USB/cdcuser.o
 .debug_macro   0x00000936       0x10 ./src/USB/cdcuser.o
 .debug_macro   0x00000946      0x12d ./src/USB/cdcuser.o
 .debug_macro   0x00000a73      0x5b2 ./src/USB/cdcuser.o
 .debug_macro   0x00001025       0x16 ./src/USB/cdcuser.o
 .debug_macro   0x0000103b      0x1cb ./src/USB/cdcuser.o
 .debug_macro   0x00001206       0x3a ./src/USB/cdcuser.o
 .debug_macro   0x00001240       0xcc ./src/USB/cdcuser.o
 .debug_macro   0x0000130c      0x26b ./src/USB/cdcuser.o
 .debug_macro   0x00001577       0x1c ./src/USB/cdcuser.o
 .debug_macro   0x00001593       0x94 ./src/USB/usbcore.o
 .debug_macro   0x00001627       0x28 ./src/USB/usbcore.o
 .debug_macro   0x0000164f       0x34 ./src/USB/usbcore.o
 .debug_macro   0x00001683       0x78 ./src/USB/usbdesc.o
 .debug_macro   0x000016fb       0x2e ./src/USB/usbdesc.o
 .debug_macro   0x00001729       0x99 ./src/USB/usbhw.o
 .debug_macro   0x000017c2       0x1c ./src/USB/usbhw.o
 .debug_macro   0x000017de       0x22 ./src/USB/usbhw.o
 .debug_macro   0x00001800      0x7b7 ./src/USB/usbhw.o
 .debug_macro   0x00001fb7      0x131 ./src/USB/usbhw.o
 .debug_macro   0x000020e8      0x205 ./src/USB/usbhw.o
 .debug_macro   0x000022ed       0x89 ./src/USB/usbuser.o
 .debug_macro   0x00002376       0x7a ./src/PERIPHERAL/SystemTickTimer.o
 .debug_macro   0x000023f0      0x7d5 ./src/PERIPHERAL/SystemTickTimer.o
 .debug_macro   0x00002bc5       0x9d ./src/PERIPHERAL/debug.o
 .debug_macro   0x00002c62       0x16 ./src/PERIPHERAL/debug.o
 .debug_macro   0x00002c78       0x10 ./src/PERIPHERAL/debug.o
 .debug_macro   0x00002c88       0xa0 ./src/PERIPHERAL/debug.o
 .debug_macro   0x00002d28       0x16 ./src/PERIPHERAL/debug.o
 .debug_macro   0x00002d3e       0xa6 ./src/PERIPHERAL/debug.o
 .debug_macro   0x00002de4       0x74 ./src/PERIPHERAL/i2c.o
 .debug_macro   0x00002e58       0x1c ./src/PERIPHERAL/i2c.o
 .debug_macro   0x00002e74       0xd0 ./src/PERIPHERAL/i2c.o
 .debug_macro   0x00002f44       0x79 ./src/PERIPHERAL/io.o
 .debug_macro   0x00002fbd       0x6c ./src/PERIPHERAL/timer.o
 .debug_macro   0x00003029       0x71 ./src/PERIPHERAL/uart.o
 .debug_macro   0x0000309a       0xcb ./src/PERIPHERAL/usbTransmission.o
 .debug_macro   0x00003165       0x1d ./src/OTHER/cr_startup_lpc13xx.o
 .debug_macro   0x00003182       0x1a ./src/OTHER/crp.o
 .debug_macro   0x0000319c       0x34 ./src/OTHER/crp.o
 .debug_macro   0x000031d0       0x9f ./src/OTHER/serial.o
 .debug_macro   0x0000326f       0xb3 ./src/MAIN/MainFunction.o
 .debug_macro   0x00003322       0x16 ./src/MAIN/MainFunction.o
 .debug_macro   0x00003338       0x8d ./src/MAIN/UserInterface.o
 .debug_macro   0x000033c5       0x85 ./src/MAIN/bme280.o
 .debug_macro   0x0000344a       0x10 ./src/MAIN/bme280.o
 .debug_macro   0x0000345a      0x107 ./src/MAIN/main.o
 .debug_macro   0x00003561      0x12f C:\Users\ryota\OneDrive\RT working\github\RT-USB-THP\LPCXpresso sample\workspace_exp\CMSISv1p30_LPC13xx\Debug\libCMSISv1p30_LPC13xx.a(system_LPC13xx.o)
 .debug_macro   0x00003690      0x86e C:\Users\ryota\OneDrive\RT working\github\RT-USB-THP\LPCXpresso sample\workspace_exp\CMSISv1p30_LPC13xx\Debug\libCMSISv1p30_LPC13xx.a(system_LPC13xx.o)

.debug_line     0x00000000     0x3e37
 .debug_line    0x00000000      0x39f ./src/USB/cdcuser.o
 .debug_line    0x0000039f      0x69f ./src/USB/usbcore.o
 .debug_line    0x00000a3e      0x1f8 ./src/USB/usbdesc.o
 .debug_line    0x00000c36      0x4e2 ./src/USB/usbhw.o
 .debug_line    0x00001118      0x281 ./src/USB/usbuser.o
 .debug_line    0x00001399      0x304 ./src/PERIPHERAL/SystemTickTimer.o
 .debug_line    0x0000169d      0x2c5 ./src/PERIPHERAL/debug.o
 .debug_line    0x00001962      0x31a ./src/PERIPHERAL/i2c.o
 .debug_line    0x00001c7c      0x272 ./src/PERIPHERAL/io.o
 .debug_line    0x00001eee      0x29c ./src/PERIPHERAL/timer.o
 .debug_line    0x0000218a      0x279 ./src/PERIPHERAL/uart.o
 .debug_line    0x00002403      0x416 ./src/PERIPHERAL/usbTransmission.o
 .debug_line    0x00002819       0xdc ./src/OTHER/cr_startup_lpc13xx.o
 .debug_line    0x000028f5       0x7e ./src/OTHER/crp.o
 .debug_line    0x00002973      0x2d3 ./src/OTHER/serial.o
 .debug_line    0x00002c46      0x399 ./src/MAIN/MainFunction.o
 .debug_line    0x00002fdf      0x3a3 ./src/MAIN/UserInterface.o
 .debug_line    0x00003382      0x3fb ./src/MAIN/bme280.o
 .debug_line    0x0000377d      0x46e ./src/MAIN/main.o
 .debug_line    0x00003beb      0x24c C:\Users\ryota\OneDrive\RT working\github\RT-USB-THP\LPCXpresso sample\workspace_exp\CMSISv1p30_LPC13xx\Debug\libCMSISv1p30_LPC13xx.a(system_LPC13xx.o)

.debug_str      0x00000000     0xbfb7
 .debug_str     0x00000000     0x5753 ./src/USB/cdcuser.o
                               0x5802 (size before relaxing)
 .debug_str     0x00005753      0x69e ./src/USB/usbcore.o
                               0x5b45 (size before relaxing)
 .debug_str     0x00005df1       0x81 ./src/USB/usbdesc.o
                               0x53fa (size before relaxing)
 .debug_str     0x00005e72     0x4695 ./src/USB/usbhw.o
                               0x8ff4 (size before relaxing)
 .debug_str     0x0000a507       0x8b ./src/USB/usbuser.o
                               0x49bb (size before relaxing)
 .debug_str     0x0000a592       0xe3 ./src/PERIPHERAL/SystemTickTimer.o
                               0x72de (size before relaxing)
 .debug_str     0x0000a675      0x4d0 ./src/PERIPHERAL/debug.o
                               0x76e1 (size before relaxing)
 .debug_str     0x0000ab45      0x3bd ./src/PERIPHERAL/i2c.o
                               0x7e3f (size before relaxing)
 .debug_str     0x0000af02       0x24 ./src/PERIPHERAL/io.o
                               0x7422 (size before relaxing)
 .debug_str     0x0000af26      0x15f ./src/PERIPHERAL/timer.o
                               0x7966 (size before relaxing)
 .debug_str     0x0000b085       0xfa ./src/PERIPHERAL/uart.o
                               0x7cea (size before relaxing)
 .debug_str     0x0000b17f       0x71 ./src/PERIPHERAL/usbTransmission.o
                               0x8a3a (size before relaxing)
 .debug_str     0x0000b1f0      0x1c7 ./src/OTHER/cr_startup_lpc13xx.o
                               0x268e (size before relaxing)
 .debug_str     0x0000b3b7       0xef ./src/OTHER/crp.o
                               0x2597 (size before relaxing)
 .debug_str     0x0000b4a6      0x22f ./src/OTHER/serial.o
                               0x7dd3 (size before relaxing)
 .debug_str     0x0000b6d5      0x120 ./src/MAIN/MainFunction.o
                               0x7542 (size before relaxing)
 .debug_str     0x0000b7f5       0xec ./src/MAIN/UserInterface.o
                               0x7385 (size before relaxing)
 .debug_str     0x0000b8e1      0x235 ./src/MAIN/bme280.o
                               0x422c (size before relaxing)
 .debug_str     0x0000bb16       0x13 ./src/MAIN/main.o
                               0x8e41 (size before relaxing)
 .debug_str     0x0000bb29      0x48e C:\Users\ryota\OneDrive\RT working\github\RT-USB-THP\LPCXpresso sample\workspace_exp\CMSISv1p30_LPC13xx\Debug\libCMSISv1p30_LPC13xx.a(system_LPC13xx.o)
                               0x77e1 (size before relaxing)

.comment        0x00000000       0x70
 .comment       0x00000000       0x70 ./src/USB/cdcuser.o
                                 0x71 (size before relaxing)
 .comment       0x00000000       0x71 ./src/USB/usbcore.o
 .comment       0x00000000       0x71 ./src/USB/usbdesc.o
 .comment       0x00000000       0x71 ./src/USB/usbhw.o
 .comment       0x00000000       0x71 ./src/USB/usbuser.o
 .comment       0x00000000       0x71 ./src/PERIPHERAL/SystemTickTimer.o
 .comment       0x00000000       0x71 ./src/PERIPHERAL/debug.o
 .comment       0x00000000       0x71 ./src/PERIPHERAL/i2c.o
 .comment       0x00000000       0x71 ./src/PERIPHERAL/io.o
 .comment       0x00000000       0x71 ./src/PERIPHERAL/timer.o
 .comment       0x00000000       0x71 ./src/PERIPHERAL/uart.o
 .comment       0x00000000       0x71 ./src/PERIPHERAL/usbTransmission.o
 .comment       0x00000000       0x71 ./src/OTHER/cr_startup_lpc13xx.o
 .comment       0x00000000       0x71 ./src/OTHER/crp.o
 .comment       0x00000000       0x71 ./src/OTHER/serial.o
 .comment       0x00000000       0x71 ./src/MAIN/MainFunction.o
 .comment       0x00000000       0x71 ./src/MAIN/UserInterface.o
 .comment       0x00000000       0x71 ./src/MAIN/bme280.o
 .comment       0x00000000       0x71 ./src/MAIN/main.o
 .comment       0x00000000       0x71 C:\Users\ryota\OneDrive\RT working\github\RT-USB-THP\LPCXpresso sample\workspace_exp\CMSISv1p30_LPC13xx\Debug\libCMSISv1p30_LPC13xx.a(system_LPC13xx.o)
 .comment       0x00000000       0x71 c:/nxp/lpcxpresso_7.7.2_379/lpcxpresso/tools/bin/../lib/gcc/arm-none-eabi/4.9.3/../../../../arm-none-eabi/lib/armv7-m\libcr_semihost.a(_cr__main.o)
 .comment       0x00000000       0x71 c:/nxp/lpcxpresso_7.7.2_379/lpcxpresso/tools/bin/../lib/gcc/arm-none-eabi/4.9.3/../../../../arm-none-eabi/lib/armv7-m\libcr_c.a(fpprintf.o)
 .comment       0x00000000       0x71 c:/nxp/lpcxpresso_7.7.2_379/lpcxpresso/tools/bin/../lib/gcc/arm-none-eabi/4.9.3/../../../../arm-none-eabi/lib/armv7-m\libcr_c.a(initio.o)
 .comment       0x00000000       0x71 c:/nxp/lpcxpresso_7.7.2_379/lpcxpresso/tools/bin/../lib/gcc/arm-none-eabi/4.9.3/../../../../arm-none-eabi/lib/armv7-m\libcr_c.a(printf.o)
 .comment       0x00000000       0x71 c:/nxp/lpcxpresso_7.7.2_379/lpcxpresso/tools/bin/../lib/gcc/arm-none-eabi/4.9.3/../../../../arm-none-eabi/lib/armv7-m\libcr_c.a(setvbuf.o)
 .comment       0x00000000       0x71 c:/nxp/lpcxpresso_7.7.2_379/lpcxpresso/tools/bin/../lib/gcc/arm-none-eabi/4.9.3/../../../../arm-none-eabi/lib/armv7-m\libcr_c.a(stdio.o)
 .comment       0x00000000       0x71 c:/nxp/lpcxpresso_7.7.2_379/lpcxpresso/tools/bin/../lib/gcc/arm-none-eabi/4.9.3/../../../../arm-none-eabi/lib/armv7-m\libcr_c.a(strlen.o)
 .comment       0x00000000       0x71 c:/nxp/lpcxpresso_7.7.2_379/lpcxpresso/tools/bin/../lib/gcc/arm-none-eabi/4.9.3/../../../../arm-none-eabi/lib/armv7-m\libcr_c.a(memset.o)
 .comment       0x00000000       0x71 c:/nxp/lpcxpresso_7.7.2_379/lpcxpresso/tools/bin/../lib/gcc/arm-none-eabi/4.9.3/../../../../arm-none-eabi/lib/armv7-m\libcr_c.a(_deferredlazyseek.o)
 .comment       0x00000000       0x71 c:/nxp/lpcxpresso_7.7.2_379/lpcxpresso/tools/bin/../lib/gcc/arm-none-eabi/4.9.3/../../../../arm-none-eabi/lib/armv7-m\libcr_c.a(_fdopen.o)
 .comment       0x00000000       0x71 c:/nxp/lpcxpresso_7.7.2_379/lpcxpresso/tools/bin/../lib/gcc/arm-none-eabi/4.9.3/../../../../arm-none-eabi/lib/armv7-m\libcr_c.a(_fflush.o)
 .comment       0x00000000       0x71 c:/nxp/lpcxpresso_7.7.2_379/lpcxpresso/tools/bin/../lib/gcc/arm-none-eabi/4.9.3/../../../../arm-none-eabi/lib/armv7-m\libcr_c.a(_frexpl.o)
 .comment       0x00000000       0x71 c:/nxp/lpcxpresso_7.7.2_379/lpcxpresso/tools/bin/../lib/gcc/arm-none-eabi/4.9.3/../../../../arm-none-eabi/lib/armv7-m\libcr_c.a(_ldexpl.o)
 .comment       0x00000000       0x71 c:/nxp/lpcxpresso_7.7.2_379/lpcxpresso/tools/bin/../lib/gcc/arm-none-eabi/4.9.3/../../../../arm-none-eabi/lib/armv7-m\libcr_c.a(_writebuf.o)
 .comment       0x00000000       0x71 c:/nxp/lpcxpresso_7.7.2_379/lpcxpresso/tools/bin/../lib/gcc/arm-none-eabi/4.9.3/../../../../arm-none-eabi/lib/armv7-m\libcr_c.a(alloc.o)
 .comment       0x00000000       0x71 c:/nxp/lpcxpresso_7.7.2_379/lpcxpresso/tools/bin/../lib/gcc/arm-none-eabi/4.9.3/../../../../arm-none-eabi/lib/armv7-m\libcr_c.a(errno.o)
 .comment       0x00000000       0x71 c:/nxp/lpcxpresso_7.7.2_379/lpcxpresso/tools/bin/../lib/gcc/arm-none-eabi/4.9.3/../../../../arm-none-eabi/lib/armv7-m\libcr_c.a(fclose.o)
 .comment       0x00000000       0x71 c:/nxp/lpcxpresso_7.7.2_379/lpcxpresso/tools/bin/../lib/gcc/arm-none-eabi/4.9.3/../../../../arm-none-eabi/lib/armv7-m\libcr_c.a(fflush.o)
 .comment       0x00000000       0x71 c:/nxp/lpcxpresso_7.7.2_379/lpcxpresso/tools/bin/../lib/gcc/arm-none-eabi/4.9.3/../../../../arm-none-eabi/lib/armv7-m\libcr_c.a(fseek.o)
 .comment       0x00000000       0x71 c:/nxp/lpcxpresso_7.7.2_379/lpcxpresso/tools/bin/../lib/gcc/arm-none-eabi/4.9.3/../../../../arm-none-eabi/lib/armv7-m\libcr_c.a(ftell.o)
 .comment       0x00000000       0x71 c:/nxp/lpcxpresso_7.7.2_379/lpcxpresso/tools/bin/../lib/gcc/arm-none-eabi/4.9.3/../../../../arm-none-eabi/lib/armv7-m\libcr_c.a(remove.o)
 .comment       0x00000000       0x71 c:/nxp/lpcxpresso_7.7.2_379/lpcxpresso/tools/bin/../lib/gcc/arm-none-eabi/4.9.3/../../../../arm-none-eabi/lib/armv7-m\libcr_c.a(__init_alloc.o)
 .comment       0x00000000       0x71 c:/nxp/lpcxpresso_7.7.2_379/lpcxpresso/tools/bin/../lib/gcc/arm-none-eabi/4.9.3/../../../../arm-none-eabi/lib/armv7-m\libcr_c.a(_cr_sbrk.o)
 .comment       0x00000000       0x71 c:/nxp/lpcxpresso_7.7.2_379/lpcxpresso/tools/bin/../lib/gcc/arm-none-eabi/4.9.3/../../../../arm-none-eabi/lib/armv7-m\libcr_c.a(_do_fflush.o)
 .comment       0x00000000       0x71 c:/nxp/lpcxpresso_7.7.2_379/lpcxpresso/tools/bin/../lib/gcc/arm-none-eabi/4.9.3/../../../../arm-none-eabi/lib/armv7-m\libcr_c.a(_hugeval.o)
 .comment       0x00000000       0x71 c:/nxp/lpcxpresso_7.7.2_379/lpcxpresso/tools/bin/../lib/gcc/arm-none-eabi/4.9.3/../../../../arm-none-eabi/lib/armv7-m\libcr_c.a(_cr_check_heap.o)
 .comment       0x00000000       0x71 c:/nxp/lpcxpresso_7.7.2_379/lpcxpresso/tools/bin/../lib/gcc/arm-none-eabi/4.9.3/armv7-m\libcr_eabihelpers.a(double.o)

.ARM.attributes
                0x00000000       0x31
 .ARM.attributes
                0x00000000       0x33 ./src/USB/cdcuser.o
 .ARM.attributes
                0x00000033       0x33 ./src/USB/usbcore.o
 .ARM.attributes
                0x00000066       0x33 ./src/USB/usbdesc.o
 .ARM.attributes
                0x00000099       0x33 ./src/USB/usbhw.o
 .ARM.attributes
                0x000000cc       0x33 ./src/USB/usbuser.o
 .ARM.attributes
                0x000000ff       0x33 ./src/PERIPHERAL/SystemTickTimer.o
 .ARM.attributes
                0x00000132       0x33 ./src/PERIPHERAL/debug.o
 .ARM.attributes
                0x00000165       0x33 ./src/PERIPHERAL/i2c.o
 .ARM.attributes
                0x00000198       0x33 ./src/PERIPHERAL/io.o
 .ARM.attributes
                0x000001cb       0x33 ./src/PERIPHERAL/timer.o
 .ARM.attributes
                0x000001fe       0x33 ./src/PERIPHERAL/uart.o
 .ARM.attributes
                0x00000231       0x33 ./src/PERIPHERAL/usbTransmission.o
 .ARM.attributes
                0x00000264       0x33 ./src/OTHER/cr_startup_lpc13xx.o
 .ARM.attributes
                0x00000297       0x33 ./src/OTHER/crp.o
 .ARM.attributes
                0x000002ca       0x33 ./src/OTHER/serial.o
 .ARM.attributes
                0x000002fd       0x33 ./src/MAIN/MainFunction.o
 .ARM.attributes
                0x00000330       0x33 ./src/MAIN/UserInterface.o
 .ARM.attributes
                0x00000363       0x33 ./src/MAIN/bme280.o
 .ARM.attributes
                0x00000396       0x33 ./src/MAIN/main.o
 .ARM.attributes
                0x000003c9       0x33 C:\Users\ryota\OneDrive\RT working\github\RT-USB-THP\LPCXpresso sample\workspace_exp\CMSISv1p30_LPC13xx\Debug\libCMSISv1p30_LPC13xx.a(system_LPC13xx.o)
 .ARM.attributes
                0x000003fc       0x33 c:/nxp/lpcxpresso_7.7.2_379/lpcxpresso/tools/bin/../lib/gcc/arm-none-eabi/4.9.3/../../../../arm-none-eabi/lib/armv7-m\libcr_semihost.a(_cr__main.o)
 .ARM.attributes
                0x0000042f       0x33 c:/nxp/lpcxpresso_7.7.2_379/lpcxpresso/tools/bin/../lib/gcc/arm-none-eabi/4.9.3/../../../../arm-none-eabi/lib/armv7-m\libcr_c.a(fpprintf.o)
 .ARM.attributes
                0x00000462       0x33 c:/nxp/lpcxpresso_7.7.2_379/lpcxpresso/tools/bin/../lib/gcc/arm-none-eabi/4.9.3/../../../../arm-none-eabi/lib/armv7-m\libcr_c.a(initio.o)
 .ARM.attributes
                0x00000495       0x33 c:/nxp/lpcxpresso_7.7.2_379/lpcxpresso/tools/bin/../lib/gcc/arm-none-eabi/4.9.3/../../../../arm-none-eabi/lib/armv7-m\libcr_c.a(printf.o)
 .ARM.attributes
                0x000004c8       0x33 c:/nxp/lpcxpresso_7.7.2_379/lpcxpresso/tools/bin/../lib/gcc/arm-none-eabi/4.9.3/../../../../arm-none-eabi/lib/armv7-m\libcr_c.a(setvbuf.o)
 .ARM.attributes
                0x000004fb       0x33 c:/nxp/lpcxpresso_7.7.2_379/lpcxpresso/tools/bin/../lib/gcc/arm-none-eabi/4.9.3/../../../../arm-none-eabi/lib/armv7-m\libcr_c.a(stdio.o)
 .ARM.attributes
                0x0000052e       0x33 c:/nxp/lpcxpresso_7.7.2_379/lpcxpresso/tools/bin/../lib/gcc/arm-none-eabi/4.9.3/../../../../arm-none-eabi/lib/armv7-m\libcr_c.a(strlen.o)
 .ARM.attributes
                0x00000561       0x33 c:/nxp/lpcxpresso_7.7.2_379/lpcxpresso/tools/bin/../lib/gcc/arm-none-eabi/4.9.3/../../../../arm-none-eabi/lib/armv7-m\libcr_c.a(memset.o)
 .ARM.attributes
                0x00000594       0x33 c:/nxp/lpcxpresso_7.7.2_379/lpcxpresso/tools/bin/../lib/gcc/arm-none-eabi/4.9.3/../../../../arm-none-eabi/lib/armv7-m\libcr_c.a(_deferredlazyseek.o)
 .ARM.attributes
                0x000005c7       0x33 c:/nxp/lpcxpresso_7.7.2_379/lpcxpresso/tools/bin/../lib/gcc/arm-none-eabi/4.9.3/../../../../arm-none-eabi/lib/armv7-m\libcr_c.a(_fdopen.o)
 .ARM.attributes
                0x000005fa       0x33 c:/nxp/lpcxpresso_7.7.2_379/lpcxpresso/tools/bin/../lib/gcc/arm-none-eabi/4.9.3/../../../../arm-none-eabi/lib/armv7-m\libcr_c.a(_fflush.o)
 .ARM.attributes
                0x0000062d       0x33 c:/nxp/lpcxpresso_7.7.2_379/lpcxpresso/tools/bin/../lib/gcc/arm-none-eabi/4.9.3/../../../../arm-none-eabi/lib/armv7-m\libcr_c.a(_frexpl.o)
 .ARM.attributes
                0x00000660       0x33 c:/nxp/lpcxpresso_7.7.2_379/lpcxpresso/tools/bin/../lib/gcc/arm-none-eabi/4.9.3/../../../../arm-none-eabi/lib/armv7-m\libcr_c.a(_ldexpl.o)
 .ARM.attributes
                0x00000693       0x33 c:/nxp/lpcxpresso_7.7.2_379/lpcxpresso/tools/bin/../lib/gcc/arm-none-eabi/4.9.3/../../../../arm-none-eabi/lib/armv7-m\libcr_c.a(_writebuf.o)
 .ARM.attributes
                0x000006c6       0x33 c:/nxp/lpcxpresso_7.7.2_379/lpcxpresso/tools/bin/../lib/gcc/arm-none-eabi/4.9.3/../../../../arm-none-eabi/lib/armv7-m\libcr_c.a(alloc.o)
 .ARM.attributes
                0x000006f9       0x33 c:/nxp/lpcxpresso_7.7.2_379/lpcxpresso/tools/bin/../lib/gcc/arm-none-eabi/4.9.3/../../../../arm-none-eabi/lib/armv7-m\libcr_c.a(errno.o)
 .ARM.attributes
                0x0000072c       0x33 c:/nxp/lpcxpresso_7.7.2_379/lpcxpresso/tools/bin/../lib/gcc/arm-none-eabi/4.9.3/../../../../arm-none-eabi/lib/armv7-m\libcr_c.a(fclose.o)
 .ARM.attributes
                0x0000075f       0x33 c:/nxp/lpcxpresso_7.7.2_379/lpcxpresso/tools/bin/../lib/gcc/arm-none-eabi/4.9.3/../../../../arm-none-eabi/lib/armv7-m\libcr_c.a(fflush.o)
 .ARM.attributes
                0x00000792       0x33 c:/nxp/lpcxpresso_7.7.2_379/lpcxpresso/tools/bin/../lib/gcc/arm-none-eabi/4.9.3/../../../../arm-none-eabi/lib/armv7-m\libcr_c.a(fseek.o)
 .ARM.attributes
                0x000007c5       0x33 c:/nxp/lpcxpresso_7.7.2_379/lpcxpresso/tools/bin/../lib/gcc/arm-none-eabi/4.9.3/../../../../arm-none-eabi/lib/armv7-m\libcr_c.a(ftell.o)
 .ARM.attributes
                0x000007f8       0x33 c:/nxp/lpcxpresso_7.7.2_379/lpcxpresso/tools/bin/../lib/gcc/arm-none-eabi/4.9.3/../../../../arm-none-eabi/lib/armv7-m\libcr_c.a(remove.o)
 .ARM.attributes
                0x0000082b       0x33 c:/nxp/lpcxpresso_7.7.2_379/lpcxpresso/tools/bin/../lib/gcc/arm-none-eabi/4.9.3/../../../../arm-none-eabi/lib/armv7-m\libcr_c.a(__init_alloc.o)
 .ARM.attributes
                0x0000085e       0x33 c:/nxp/lpcxpresso_7.7.2_379/lpcxpresso/tools/bin/../lib/gcc/arm-none-eabi/4.9.3/../../../../arm-none-eabi/lib/armv7-m\libcr_c.a(_cr_sbrk.o)
 .ARM.attributes
                0x00000891       0x33 c:/nxp/lpcxpresso_7.7.2_379/lpcxpresso/tools/bin/../lib/gcc/arm-none-eabi/4.9.3/../../../../arm-none-eabi/lib/armv7-m\libcr_c.a(_do_fflush.o)
 .ARM.attributes
                0x000008c4       0x33 c:/nxp/lpcxpresso_7.7.2_379/lpcxpresso/tools/bin/../lib/gcc/arm-none-eabi/4.9.3/../../../../arm-none-eabi/lib/armv7-m\libcr_c.a(_hugeval.o)
 .ARM.attributes
                0x000008f7       0x33 c:/nxp/lpcxpresso_7.7.2_379/lpcxpresso/tools/bin/../lib/gcc/arm-none-eabi/4.9.3/../../../../arm-none-eabi/lib/armv7-m\libcr_c.a(_cr_check_heap.o)
 .ARM.attributes
                0x0000092a       0x33 c:/nxp/lpcxpresso_7.7.2_379/lpcxpresso/tools/bin/../lib/gcc/arm-none-eabi/4.9.3/armv7-m\libcr_eabihelpers.a(double.o)
 .ARM.attributes
                0x0000095d       0x21 c:/nxp/lpcxpresso_7.7.2_379/lpcxpresso/tools/bin/../lib/gcc/arm-none-eabi/4.9.3/armv7-m\libcr_eabihelpers.a(memcpy.o)
 .ARM.attributes
                0x0000097e       0x21 c:/nxp/lpcxpresso_7.7.2_379/lpcxpresso/tools/bin/../lib/gcc/arm-none-eabi/4.9.3/../../../../arm-none-eabi/lib/armv7-m\libcr_semihost.a(__sys_appexit.o)
 .ARM.attributes
                0x0000099f       0x21 c:/nxp/lpcxpresso_7.7.2_379/lpcxpresso/tools/bin/../lib/gcc/arm-none-eabi/4.9.3/../../../../arm-none-eabi/lib/armv7-m\libcr_semihost.a(__sys_close.o)
 .ARM.attributes
                0x000009c0       0x21 c:/nxp/lpcxpresso_7.7.2_379/lpcxpresso/tools/bin/../lib/gcc/arm-none-eabi/4.9.3/../../../../arm-none-eabi/lib/armv7-m\libcr_semihost.a(__sys_flen.o)
 .ARM.attributes
                0x000009e1       0x21 c:/nxp/lpcxpresso_7.7.2_379/lpcxpresso/tools/bin/../lib/gcc/arm-none-eabi/4.9.3/../../../../arm-none-eabi/lib/armv7-m\libcr_semihost.a(__sys_istty.o)
 .ARM.attributes
                0x00000a02       0x21 c:/nxp/lpcxpresso_7.7.2_379/lpcxpresso/tools/bin/../lib/gcc/arm-none-eabi/4.9.3/../../../../arm-none-eabi/lib/armv7-m\libcr_semihost.a(__sys_remove.o)
 .ARM.attributes
                0x00000a23       0x21 c:/nxp/lpcxpresso_7.7.2_379/lpcxpresso/tools/bin/../lib/gcc/arm-none-eabi/4.9.3/../../../../arm-none-eabi/lib/armv7-m\libcr_semihost.a(__sys_seek.o)
 .ARM.attributes
                0x00000a44       0x21 c:/nxp/lpcxpresso_7.7.2_379/lpcxpresso/tools/bin/../lib/gcc/arm-none-eabi/4.9.3/../../../../arm-none-eabi/lib/armv7-m\libcr_semihost.a(__sys_tmpnam.o)
 .ARM.attributes
                0x00000a65       0x21 c:/nxp/lpcxpresso_7.7.2_379/lpcxpresso/tools/bin/../lib/gcc/arm-none-eabi/4.9.3/../../../../arm-none-eabi/lib/armv7-m\libcr_semihost.a(__sys_write.o)

.debug_frame    0x00000000      0xd9c
 .debug_frame   0x00000000      0x170 ./src/USB/cdcuser.o
 .debug_frame   0x00000170      0x180 ./src/USB/usbcore.o
 .debug_frame   0x000002f0      0x28c ./src/USB/usbhw.o
 .debug_frame   0x0000057c       0x9c ./src/USB/usbuser.o
 .debug_frame   0x00000618       0x88 ./src/PERIPHERAL/SystemTickTimer.o
 .debug_frame   0x000006a0       0x80 ./src/PERIPHERAL/debug.o
 .debug_frame   0x00000720       0x68 ./src/PERIPHERAL/i2c.o
 .debug_frame   0x00000788       0x20 ./src/PERIPHERAL/io.o
 .debug_frame   0x000007a8       0x70 ./src/PERIPHERAL/timer.o
 .debug_frame   0x00000818       0x4c ./src/PERIPHERAL/uart.o
 .debug_frame   0x00000864       0x7c ./src/PERIPHERAL/usbTransmission.o
 .debug_frame   0x000008e0       0xf4 ./src/OTHER/cr_startup_lpc13xx.o
 .debug_frame   0x000009d4       0xb0 ./src/OTHER/serial.o
 .debug_frame   0x00000a84       0x64 ./src/MAIN/MainFunction.o
 .debug_frame   0x00000ae8       0xb8 ./src/MAIN/UserInterface.o
 .debug_frame   0x00000ba0      0x140 ./src/MAIN/bme280.o
 .debug_frame   0x00000ce0       0x40 ./src/MAIN/main.o
 .debug_frame   0x00000d20       0x7c C:\Users\ryota\OneDrive\RT working\github\RT-USB-THP\LPCXpresso sample\workspace_exp\CMSISv1p30_LPC13xx\Debug\libCMSISv1p30_LPC13xx.a(system_LPC13xx.o)
